15:39:06 **** Incremental Build of configuration Debug for project measurement-module ****
make -j12 all 
arm-none-eabi-gcc "../Core/Src/main.c" -mcpu=cortex-m4 -std=gnu11 -g3 -DDEBUG -DUSE_HAL_DRIVER -DSTM32F401xE -c -I../Core/Inc -I../Drivers/STM32F4xx_HAL_Driver/Inc -I../Drivers/STM32F4xx_HAL_Driver/Inc/Legacy -I../Drivers/CMSIS/Device/ST/STM32F4xx/Include -I../Drivers/CMSIS/Include -I../../shared/inc -O0 -ffunction-sections -fdata-sections -Wall -fstack-usage -fcyclomatic-complexity -MMD -MP -MF"Core/Src/main.d" -MT"Core/Src/main.o" --specs=nano.specs -mfpu=fpv4-sp-d16 -mfloat-abi=hard -mthumb -o "Core/Src/main.o"
../Core/Src/main.c: In function 'main':
../Core/Src/main.c:126:19: warning: unused variable 'current_time' [-Wunused-variable]
  126 |          uint64_t current_time = HAL_GetTick();
      |                   ^~~~~~~~~~~~
../Core/Src/main.c: At top level:
../Core/Src/main.c:95:8: warning: 'int24_to_bool' defined but not used [-Wunused-function]
   95 |   void int24_to_bool(int number, bool arr[24]) {
      |        ^~~~~~~~~~~~~
arm-none-eabi-gcc -o "measurement-module.elf" @"objects.list"   -mcpu=cortex-m4 -T"C:\Users\north\Documents\code\cpp\grocr\measurement-module\STM32F401RETX_FLASH.ld" --specs=nosys.specs -Wl,-Map="measurement-module.map" -Wl,--gc-sections -static --specs=nano.specs -mfpu=fpv4-sp-d16 -mfloat-abi=hard -mthumb -Wl,--start-group -lc -lm -Wl,--end-group
Finished building target: measurement-module.elf
 
arm-none-eabi-size  measurement-module.elf 
arm-none-eabi-objdump -h -S measurement-module.elf  > "measurement-module.list"
   text	   data	    bss	    dec	    hex	filename
   9128	     92	   1972	  11192	   2bb8	measurement-module.elf
Finished building: default.size.stdout
 
Finished building: measurement-module.list
 

15:39:07 Build Finished. 0 errors, 2 warnings. (took 854ms)

