17:43:18 **** Incremental Build of configuration Debug for project measurement-module ****
make -j12 all 
arm-none-eabi-gcc "../Core/Src/main.c" -mcpu=cortex-m4 -std=gnu11 -g3 -DDEBUG -DUSE_HAL_DRIVER -DSTM32F401xE -c -I../Core/Inc -I../Drivers/STM32F4xx_HAL_Driver/Inc -I../Drivers/STM32F4xx_HAL_Driver/Inc/Legacy -I../Drivers/CMSIS/Device/ST/STM32F4xx/Include -I../Drivers/CMSIS/Include -I../../lc -O0 -ffunction-sections -fdata-sections -Wall -fstack-usage -fcyclomatic-complexity -MMD -MP -MF"Core/Src/main.d" -MT"Core/Src/main.o" --specs=nano.specs -mfpu=fpv4-sp-d16 -mfloat-abi=hard -mthumb -o "Core/Src/main.o"
../Core/Src/main.c: In function 'main':
../Core/Src/main.c:121:16: warning: unused variable 'data' [-Wunused-variable]
  121 |       uint32_t data = get_hx711_driver(&hx711);
      |                ^~~~
arm-none-eabi-gcc -o "measurement-module.elf" @"objects.list"   -mcpu=cortex-m4 -T"C:\Users\north\Documents\code\cpp\grocr\measurement-module\STM32F401RETX_FLASH.ld" --specs=nosys.specs -Wl,-Map="measurement-module.map" -Wl,--gc-sections -static --specs=nano.specs -mfpu=fpv4-sp-d16 -mfloat-abi=hard -mthumb -Wl,--start-group -lc -lm -Wl,--end-group
Finished building target: measurement-module.elf
 
arm-none-eabi-size  measurement-module.elf 
arm-none-eabi-objdump -h -S measurement-module.elf  > "measurement-module.list"
   text	   data	    bss	    dec	    hex	filename
  11092	     12	   1772	  12876	   324c	measurement-module.elf
Finished building: default.size.stdout
 
Finished building: measurement-module.list
 

17:43:19 Build Finished. 0 errors, 1 warnings. (took 982ms)

